
> k2k@0.1.0 build
> next build

Γû▓ Next.js 16.2.0 (Turbopack)
- Environments: .env.local

  Creating an optimized production build ...
Γ£ô Compiled successfully in 2.9s
  Running TypeScript ...
node.exe : Failed to type check.
At line:1 char:1
+ & "C:\Program Files\nodejs/node.exe" 
"C:\Users\harsh\AppData\Roaming\ ...
+ ~~~~~~~~~~~~~~~~~~~~~~~~~~~~~~~~~~~~~~~~~~
~~~~~~~~~~~~~~~~~~~~~~~~~~~
    + CategoryInfo          : NotSpecified: 
    (Failed to type check.:String) [], Rem  
  oteException
    + FullyQualifiedErrorId : NativeCommand 
   Error
 

./src/app/contact/page.tsx:1:26
Type error: Cannot find module 
'next/metadata' or its corresponding type 
declarations.

[31m[1m>[0m [90m1 |[0m [36mimport[0m 
{ [33mMetadata[0m } [36mfrom[0m 
[32m"next/metadata"[0m;
  [90m  |[0m                          
[31m[1m^[0m
  [90m2 |[0m [36mimport[0m { 
[33mContactPageClient[0m } [36mfrom[0m 
[32m"@/components/sections/contact/ContactPa
geClient"[0m;
  [90m3 |[0m
  [90m4 |[0m [36mexport[0m 
[36mconst[0m metadata: [33mMetadata[0m 
= {
Next.js build worker exited with code: 1 
and signal: null
